
 RUN  v5.0.3 /workspace/docsluice-package-e-core-check/packages/docsluice

 ❯ test/readers/images/pipeline-regression.test.ts (18 tests | 9 failed) 26ms
   ❯ image pipeline dispatch regression (standalone integration evidence) (18)
     × dispatches registered reader for tiny.png 8ms
     × dispatches registered reader for jpeg-exif-structure.jpg 1ms
     × dispatches registered reader for tiny.gif 1ms
     × dispatches registered reader for tiff-le-metadata.tif 1ms
     × dispatches registered reader for tiff-be-metadata.tif 1ms
     × dispatches registered reader for webp-vp8-snippet.webp 3ms
     × dispatches registered reader for webp-vp8l-snippet.webp 1ms
     × dispatches registered reader for webp-vp8x-exif-snippet.webp 1ms
     × routes metadata and GPS privacy options through extract() 2ms

⎯⎯⎯⎯⎯⎯⎯ Failed Tests 9 ⎯⎯⎯⎯⎯⎯⎯

 FAIL  test/readers/images/pipeline-regression.test.ts > image pipeline dispatch regression (standalone integration evidence) > dispatches registered reader for tiny.png
 FAIL  test/readers/images/pipeline-regression.test.ts > image pipeline dispatch regression (standalone integration evidence) > dispatches registered reader for tiny.gif
AssertionError: expected [] to deep equally contain ObjectContaining{…}

- Expected:
ObjectContaining {
  "height": 1,
  "kind": "image",
  "width": 1,
}

+ Received:
[]

 ❯ test/readers/images/pipeline-regression.test.ts:48:24
     46|     expect(doc.format).toBe(format);
     47|     expect(doc.mimeType).toBe(mimeType);
     48|     expect(doc.blocks).toContainEqual(expect.objectContaining({ kind: …
       |                        ^
     49|     expect(doc.blocks.some((block) => block.kind === 'paragraph')).toB…
     50|   });

⎯⎯⎯⎯⎯⎯⎯⎯⎯⎯⎯⎯⎯⎯⎯⎯⎯⎯⎯⎯⎯⎯⎯⎯[1/9]⎯

 FAIL  test/readers/images/pipeline-regression.test.ts > image pipeline dispatch regression (standalone integration evidence) > dispatches registered reader for jpeg-exif-structure.jpg
 FAIL  test/readers/images/pipeline-regression.test.ts > image pipeline dispatch regression (standalone integration evidence) > dispatches registered reader for webp-vp8-snippet.webp
 FAIL  test/readers/images/pipeline-regression.test.ts > image pipeline dispatch regression (standalone integration evidence) > dispatches registered reader for webp-vp8l-snippet.webp
 FAIL  test/readers/images/pipeline-regression.test.ts > image pipeline dispatch regression (standalone integration evidence) > dispatches registered reader for webp-vp8x-exif-snippet.webp
AssertionError: expected [] to deep equally contain ObjectContaining{…}

- Expected:
ObjectContaining {
  "height": 3,
  "kind": "image",
  "width": 5,
}

+ Received:
[]

 ❯ test/readers/images/pipeline-regression.test.ts:48:24
     46|     expect(doc.format).toBe(format);
     47|     expect(doc.mimeType).toBe(mimeType);
     48|     expect(doc.blocks).toContainEqual(expect.objectContaining({ kind: …
       |                        ^
     49|     expect(doc.blocks.some((block) => block.kind === 'paragraph')).toB…
     50|   });

⎯⎯⎯⎯⎯⎯⎯⎯⎯⎯⎯⎯⎯⎯⎯⎯⎯⎯⎯⎯⎯⎯⎯⎯[2/9]⎯

 FAIL  test/readers/images/pipeline-regression.test.ts > image pipeline dispatch regression (standalone integration evidence) > dispatches registered reader for tiff-le-metadata.tif
 FAIL  test/readers/images/pipeline-regression.test.ts > image pipeline dispatch regression (standalone integration evidence) > dispatches registered reader for tiff-be-metadata.tif
AssertionError: expected [] to deep equally contain ObjectContaining{…}

- Expected:
ObjectContaining {
  "height": 2,
  "kind": "image",
  "width": 3,
}

+ Received:
[]

 ❯ test/readers/images/pipeline-regression.test.ts:48:24
     46|     expect(doc.format).toBe(format);
     47|     expect(doc.mimeType).toBe(mimeType);
     48|     expect(doc.blocks).toContainEqual(expect.objectContaining({ kind: …
       |                        ^
     49|     expect(doc.blocks.some((block) => block.kind === 'paragraph')).toB…
     50|   });

⎯⎯⎯⎯⎯⎯⎯⎯⎯⎯⎯⎯⎯⎯⎯⎯⎯⎯⎯⎯⎯⎯⎯⎯[3/9]⎯

 FAIL  test/readers/images/pipeline-regression.test.ts > image pipeline dispatch regression (standalone integration evidence) > routes metadata and GPS privacy options through extract()
AssertionError: expected undefined to be '2019-04-05T12:34:56' // Object.is equality

- Expected:
"2019-04-05T12:34:56"

+ Received:
undefined

 ❯ test/readers/images/pipeline-regression.test.ts:55:37
     53|     const bytes = fixture('tiff-le-metadata.tif');
     54|     const normal = await extractRegistered(bytes);
     55|     expect(normal.metadata.created).toBe('2019-04-05T12:34:56');
       |                                     ^
     56|     expect(normal.metadata.custom?.some(({ name }) => name.startsWith(…
     57|

⎯⎯⎯⎯⎯⎯⎯⎯⎯⎯⎯⎯⎯⎯⎯⎯⎯⎯⎯⎯⎯⎯⎯⎯[4/9]⎯


 Test Files  1 failed | 1 passed (2)
      Tests  9 failed | 10 passed (19)
   Start at  17:25:58
   Duration  726ms (transform 67%, import 23%, tests 9%, worker 1%)

npm notice
npm notice New major version of npm available! 11.9.0 -> 12.2.0
npm notice Changelog: https://github.com/npm/cli/releases/tag/v12.2.0
npm notice To update run: npm install -g npm@12.2.0
npm notice
