
> docsluice@0.0.0 test
> vitest run test/readers/images --coverage --coverage.include=src/readers/images/*.ts --coverage.reportsDirectory=/tmp/package-e-images-coverage


 RUN  v5.0.3 /workspace/docsluice-package-e/packages/docsluice
      Coverage enabled with v8


 Test Files  1 passed (1)
      Tests  26 passed (26)
   Start at  16:14:45
   Duration  386ms (transform 62%, tests 15%, import 13%, worker 10%)

 % Coverage report from v8
----------|---------|----------|---------|---------|----------------------------
File      | % Stmts | % Branch | % Funcs | % Lines | Uncovered Line #s          
----------|---------|----------|---------|---------|----------------------------
All files |    87.4 |    84.63 |      80 |   91.33 |                            
 exif.ts  |   90.52 |    87.01 |     100 |   93.58 | ...160,180-181,212,224,228 
 index.ts |   84.29 |    82.32 |   70.83 |   89.22 | ...275,286,291,296,301,306 
----------|---------|----------|---------|---------|----------------------------

=============================== Coverage summary ===============================
Statements   : 87.4% ( 333/381 )
Branches     : 84.63% ( 358/423 )
Functions    : 80% ( 28/35 )
Lines        : 91.33% ( 295/323 )
================================================================================
npm notice
npm notice New major version of npm available! 11.9.0 -> 12.2.0
npm notice Changelog: https://github.com/npm/cli/releases/tag/v12.2.0
npm notice To update run: npm install -g npm@12.2.0
npm notice
