
> docsluice@0.0.0 test
> vitest run test/readers/pdf/headers


 RUN  v5.0.3 /workspace/docsluice-package-e-48/packages/docsluice

 ❯ test/readers/pdf/headers/headers.test.ts (19 tests | 1 failed) 25ms
   ❯ private repeated PDF header/footer helper (19)
     × keeps footer text below the whole-document threshold even when it repeats on odd pages 8ms

⎯⎯⎯⎯⎯⎯⎯ Failed Tests 1 ⎯⎯⎯⎯⎯⎯⎯

 FAIL  test/readers/pdf/headers/headers.test.ts > private repeated PDF header/footer helper > keeps footer text below the whole-document threshold even when it repeats on odd pages
AssertionError: expected [ { role: 'footer', …(6) } ] to deeply equal []

- Expected
+ Received

- []
+ [
+   {
+     "line": {
+       "column": -1,
+       "dir": "ltr",
+       "fontSize": 10,
+       "height": 10,
+       "sourceIndex": 0,
+       "sourceIndices": [
+         0,
+       ],
+       "text": "Odd footer",
+       "width": 50,
+       "x": 250,
+       "y": 770,
+     },
+     "normalizedText": "Odd footer",
+     "pageIndex": 0,
+     "pageIndices": [
+       0,
+       2,
+       4,
+     ],
+     "position": {
+       "x": 0.458,
+       "y": 0.956,
+     },
+     "role": "footer",
+     "text": "Odd footer",
+   },
+ ]

 ❯ test/readers/pdf/headers/headers.test.ts:130:27
    128|     );
    129|     const result = detectRepeatedHeadersFooters(input, makeBudget());
    130|     expect(result.groups).toEqual([]);
       |                           ^
    131|     expect(result.pages.map(({ lines }) => lines)).toEqual(input.map((…
    132|   });

⎯⎯⎯⎯⎯⎯⎯⎯⎯⎯⎯⎯⎯⎯⎯⎯⎯⎯⎯⎯⎯⎯⎯⎯[1/1]⎯


 Test Files  1 failed (1)
      Tests  1 failed | 18 passed (19)
   Start at  17:06:42
   Duration  279ms (transform 66%, tests 17%, import 14%, worker 3%)

npm error Lifecycle script `test` failed with error:
npm error code 1
npm error path /workspace/docsluice-package-e-48/packages/docsluice
npm error workspace docsluice@0.0.0
npm error location /workspace/docsluice-package-e-48/packages/docsluice
npm error command failed
npm error command sh -c vitest run test/readers/pdf/headers
npm notice
npm notice New major version of npm available! 11.9.0 -> 12.2.0
npm notice Changelog: https://github.com/npm/cli/releases/tag/v12.2.0
npm notice To update run: npm install -g npm@12.2.0
npm notice
