
> docsluice@0.0.0 test
> vitest run test/readers/pdf/headers --coverage --coverage.include=src/readers/pdf/headers/index.ts --coverage.reporter=text --coverage.reporter=text-summary


 RUN  v5.0.3 /workspace/docsluice-package-e-48/packages/docsluice
      Coverage enabled with v8


 Test Files  1 passed (1)
      Tests  19 passed (19)
   Start at  17:08:28
   Duration  987ms (transform 54%, tests 19%, worker 16%, import 11%)

 % Coverage report from v8
----------|---------|----------|---------|---------|-------------------
File      | % Stmts | % Branch | % Funcs | % Lines | Uncovered Line #s 
----------|---------|----------|---------|---------|-------------------
All files |   96.37 |     82.4 |     100 |   98.21 |                   
 index.ts |   96.37 |     82.4 |     100 |   98.21 | 129,311-312       
----------|---------|----------|---------|---------|-------------------

=============================== Coverage summary ===============================
Statements   : 96.37% ( 186/193 )
Branches     : 82.4% ( 103/125 )
Functions    : 100% ( 12/12 )
Lines        : 98.21% ( 165/168 )
================================================================================
npm notice
npm notice New major version of npm available! 11.9.0 -> 12.2.0
npm notice Changelog: https://github.com/npm/cli/releases/tag/v12.2.0
npm notice To update run: npm install -g npm@12.2.0
npm notice
