
> docsluice@0.0.0 test
> vitest run test/readers/images/pipeline-regression.test.ts test/readers/zip/pipeline-order-regression.test.ts


 RUN  v5.0.3 /workspace/docsluice-package-e-regressions/packages/docsluice

 ❯ test/readers/images/pipeline-regression.test.ts (18 tests | 9 failed) 29ms
   ❯ image pipeline dispatch regression (standalone integration evidence) (18)
     × dispatches registered reader for tiny.png 11ms
     × dispatches registered reader for jpeg-exif-structure.jpg 2ms
     × dispatches registered reader for tiny.gif 1ms
     × dispatches registered reader for tiff-le-metadata.tif 1ms
     × dispatches registered reader for tiff-be-metadata.tif 1ms
     × dispatches registered reader for webp-vp8-snippet.webp 1ms
     × dispatches registered reader for webp-vp8l-snippet.webp 1ms
     × dispatches registered reader for webp-vp8x-exif-snippet.webp 1ms
     × routes metadata and GPS privacy options through extract() 2ms
 ❯ test/readers/zip/pipeline-order-regression.test.ts (1 test | 1 failed) 27ms
   ❯ ZIP mixed child output order regression (preparation-only, expected red) (1)
     × preserves central-directory order across extracted, skipped, and failed children 25ms

⎯⎯⎯⎯⎯⎯ Failed Tests 10 ⎯⎯⎯⎯⎯⎯⎯

 FAIL  test/readers/images/pipeline-regression.test.ts > image pipeline dispatch regression (standalone integration evidence) > dispatches registered reader for tiny.png
 FAIL  test/readers/images/pipeline-regression.test.ts > image pipeline dispatch regression (standalone integration evidence) > dispatches registered reader for tiny.gif
AssertionError: expected [] to deep equally contain ObjectContaining{…}

- Expected:
ObjectContaining {
  "height": 1,
  "kind": "image",
  "width": 1,
}

+ Received:
[]

 ❯ test/readers/images/pipeline-regression.test.ts:49:24
     47|     expect(doc.format).toBe(format);
     48|     expect(doc.mimeType).toBe(mimeType);
     49|     expect(doc.blocks).toContainEqual(expect.objectContaining({ kind: …
       |                        ^
     50|     expect(doc.blocks.some((block) => block.kind === 'paragraph')).toB…
     51|   });

⎯⎯⎯⎯⎯⎯⎯⎯⎯⎯⎯⎯⎯⎯⎯⎯⎯⎯⎯⎯⎯⎯⎯[1/10]⎯

 FAIL  test/readers/images/pipeline-regression.test.ts > image pipeline dispatch regression (standalone integration evidence) > dispatches registered reader for jpeg-exif-structure.jpg
 FAIL  test/readers/images/pipeline-regression.test.ts > image pipeline dispatch regression (standalone integration evidence) > dispatches registered reader for webp-vp8-snippet.webp
 FAIL  test/readers/images/pipeline-regression.test.ts > image pipeline dispatch regression (standalone integration evidence) > dispatches registered reader for webp-vp8l-snippet.webp
 FAIL  test/readers/images/pipeline-regression.test.ts > image pipeline dispatch regression (standalone integration evidence) > dispatches registered reader for webp-vp8x-exif-snippet.webp
AssertionError: expected [] to deep equally contain ObjectContaining{…}

- Expected:
ObjectContaining {
  "height": 3,
  "kind": "image",
  "width": 5,
}

+ Received:
[]

 ❯ test/readers/images/pipeline-regression.test.ts:49:24
     47|     expect(doc.format).toBe(format);
     48|     expect(doc.mimeType).toBe(mimeType);
     49|     expect(doc.blocks).toContainEqual(expect.objectContaining({ kind: …
       |                        ^
     50|     expect(doc.blocks.some((block) => block.kind === 'paragraph')).toB…
     51|   });

⎯⎯⎯⎯⎯⎯⎯⎯⎯⎯⎯⎯⎯⎯⎯⎯⎯⎯⎯⎯⎯⎯⎯[2/10]⎯

 FAIL  test/readers/images/pipeline-regression.test.ts > image pipeline dispatch regression (standalone integration evidence) > dispatches registered reader for tiff-le-metadata.tif
 FAIL  test/readers/images/pipeline-regression.test.ts > image pipeline dispatch regression (standalone integration evidence) > dispatches registered reader for tiff-be-metadata.tif
AssertionError: expected [] to deep equally contain ObjectContaining{…}

- Expected:
ObjectContaining {
  "height": 2,
  "kind": "image",
  "width": 3,
}

+ Received:
[]

 ❯ test/readers/images/pipeline-regression.test.ts:49:24
     47|     expect(doc.format).toBe(format);
     48|     expect(doc.mimeType).toBe(mimeType);
     49|     expect(doc.blocks).toContainEqual(expect.objectContaining({ kind: …
       |                        ^
     50|     expect(doc.blocks.some((block) => block.kind === 'paragraph')).toB…
     51|   });

⎯⎯⎯⎯⎯⎯⎯⎯⎯⎯⎯⎯⎯⎯⎯⎯⎯⎯⎯⎯⎯⎯⎯[3/10]⎯

 FAIL  test/readers/images/pipeline-regression.test.ts > image pipeline dispatch regression (standalone integration evidence) > routes metadata and GPS privacy options through extract()
AssertionError: expected undefined to be '2019-04-05T12:34:56' // Object.is equality

- Expected:
"2019-04-05T12:34:56"

+ Received:
undefined

 ❯ test/readers/images/pipeline-regression.test.ts:56:37
     54|     const bytes = fixture('tiff-le-metadata.tif');
     55|     const normal = await extractRegistered(bytes);
     56|     expect(normal.metadata.created).toBe('2019-04-05T12:34:56');
       |                                     ^
     57|     expect(normal.metadata.custom?.some(({ name }) => name.startsWith(…
     58|

⎯⎯⎯⎯⎯⎯⎯⎯⎯⎯⎯⎯⎯⎯⎯⎯⎯⎯⎯⎯⎯⎯⎯[4/10]⎯

 FAIL  test/readers/zip/pipeline-order-regression.test.ts > ZIP mixed child output order regression (preparation-only, expected red) > preserves central-directory order across extracted, skipped, and failed children
AssertionError: expected [ …(6) ] to deeply equal [ …(6) ]

- Expected
+ Received

@@ -2,25 +2,25 @@
    [
      "directory-first/",
      "skipped",
    ],
    [
+     "directory-middle/",
+     "skipped",
+   ],
+   [
+     "directory-last/",
+     "skipped",
+   ],
+   [
      "first.txt",
      "extracted",
    ],
    [
      "failed.txt",
      "failed",
-   ],
-   [
-     "directory-middle/",
-     "skipped",
    ],
    [
      "second.txt",
      "extracted",
-   ],
-   [
-     "directory-last/",
-     "skipped",
    ],
  ]

 ❯ test/readers/zip/pipeline-order-regression.test.ts:45:73
     43|     const document = await createExtractor(registry)(archive);
     44|
     45|     expect(document.children.map(({ name, status }) => [name, status])…
       |                                                                         ^
     46|       ['directory-first/', 'skipped'],
     47|       ['first.txt', 'extracted'],

⎯⎯⎯⎯⎯⎯⎯⎯⎯⎯⎯⎯⎯⎯⎯⎯⎯⎯⎯⎯⎯⎯⎯[5/10]⎯


 Test Files  2 failed (2)
      Tests  10 failed | 9 passed (19)
   Start at  16:58:50
   Duration  488ms (transform 74%, import 15%, tests 9%, worker 2%)

npm error Lifecycle script `test` failed with error:
npm error code 1
npm error path /workspace/docsluice-package-e-regressions/packages/docsluice
npm error workspace docsluice@0.0.0
npm error location /workspace/docsluice-package-e-regressions/packages/docsluice
npm error command failed
npm error command sh -c vitest run test/readers/images/pipeline-regression.test.ts test/readers/zip/pipeline-order-regression.test.ts
npm notice
npm notice New major version of npm available! 11.9.0 -> 12.2.0
npm notice Changelog: https://github.com/npm/cli/releases/tag/v12.2.0
npm notice To update run: npm install -g npm@12.2.0
npm notice
