
> verify
> npm run lint && npm run typecheck && npm run test && npm run build && npm run check:package && npm run test:dist


> lint
> eslint . && prettier --check .

Checking formatting...
All matched files use Prettier code style!

> typecheck
> npm run typecheck --workspaces --if-present


> docsluice@0.0.0 typecheck
> tsc -p tsconfig.json && tsc -p src/node/tsconfig.json


> test
> npm run test --workspaces --if-present


> docsluice@0.0.0 test
> vitest run


 RUN  v5.0.3 /workspace/docsluice-package-e-zip-integration/packages/docsluice

 ❯ test/render/json.test.ts (15 tests | 1 failed) 19877ms
   ❯ toJSON (15)
     × accepts multiple string values whose combined output is below the character cap 11667ms
 ❯ test/zip/open-zip.test.ts (30 tests | 1 failed) 22587ms
   ❯ openZip (30)
     × reads a 1 MiB incompressible DEFLATE member within the ZIP throughput guard 18821ms

⎯⎯⎯⎯⎯⎯⎯ Failed Tests 2 ⎯⎯⎯⎯⎯⎯⎯

 FAIL  test/render/json.test.ts > toJSON > accepts multiple string values whose combined output is below the character cap
Error: Test timed out in 10000ms.
If this is a long-running test, pass a timeout value as the last argument or configure it globally with "testTimeout".
 ❯ test/render/json.test.ts:156:3
    154|   });
    155|
    156|   it('accepts multiple string values whose combined output is below th…
       |   ^
    157|     const text = 'x'.repeat(7_000_000);
    158|     const doc = document({

⎯⎯⎯⎯⎯⎯⎯⎯⎯⎯⎯⎯⎯⎯⎯⎯⎯⎯⎯⎯⎯⎯⎯⎯[1/2]⎯

 FAIL  test/zip/open-zip.test.ts > openZip > reads a 1 MiB incompressible DEFLATE member within the ZIP throughput guard
Error: Test timed out in 10000ms.
If this is a long-running test, pass a timeout value as the last argument or configure it globally with "testTimeout".
 ❯ test/zip/open-zip.test.ts:50:3
     48|   });
     49|
     50|   it('reads a 1 MiB incompressible DEFLATE member within the ZIP throu…
       |   ^
     51|     const data = new Uint8Array(1024 * 1024);
     52|     let state = 0x12345678;

⎯⎯⎯⎯⎯⎯⎯⎯⎯⎯⎯⎯⎯⎯⎯⎯⎯⎯⎯⎯⎯⎯⎯⎯[2/2]⎯


 Test Files  2 failed | 25 passed (27)
      Tests  2 failed | 547 passed (549)
   Start at  16:59:47
   Duration  30.80s (tests 90%, import 6%, transform 4%)

    Isolate  27 workers spawned · ~261ms startup each (spawn + environment, per file)
             at least ~2.09s faster with isolate: false — reuses workers across files instead of one per file

npm error Lifecycle script `test` failed with error:
npm error code 1
npm error path /workspace/docsluice-package-e-zip-integration/packages/docsluice
npm error workspace docsluice@0.0.0
npm error location /workspace/docsluice-package-e-zip-integration/packages/docsluice
npm error command failed
npm error command sh -c vitest run
